<eval> comparison of "Vb False" and "Vi 42" is not supported
<eval> comparison of "Vi 42" and "Vb True" is not supported
<eval> comparison of "Vi 54" and "Vb True" is not supported
