You should see this
You should also see this

Hash signs in strings #have
#no effect
[1, 2, 4, 5]
