hello world
hello

 wold
123456-789
False
hiFalse
True
What's here? -Nothing
['some', 1, False, Nothing, ['hi']]not a good idea
1Nothinghi[]
