<parse> [Dk COMMA,Dk COMMA,Dl (Ls (Se (Oa (Ac (Ca (At (Tf (Fp (Ni 24)))))))))] [INT 13]
<parse> [Dk COMMA,Dl (Ls (Se (Oa (Ac (Ca (At (Tf (Fp (Ni 12)))))))))] []
32
<parse> [Dk COMMA] []
<parse> [Dk COMMA] [INT 43]
<parse> [Dk FI,Dk THEN,Do (Oa (Ac (Ca (At (Tf (Fb True)))))),Dk IF] []
<parse> [Dk COMMA,Do (Oa (Ac (Ca (Add (At (Tf (Fp (Ni 12)))) (Tf (Fp (Ni 32))))))),Dk IF] [INT 2,THEN,INT 32,FI]
<parse> [Dk THEN,Dk PLUS,Da (At (Tf (Fp (Ni 12)))),Dk IF] [INT 23,FI]
<parse> [Dk COMMA,Dk THEN,Do (Oa (Ac (Ca (At (Tf (Fp (Ni 4))))))),Dk IF] [INT 5]
<parse> [Dk FI] []
<parse> [Dl (Ls (Assn "b" (Oa (Ac (Ca (At (Tf (Fp (Ni 6))))))))),Dk IF] [THEN,INT 13]
<parse> [Dk COMMA] [FI]
<parse> [Dk FI,Dk COMMA,Dl (Lm (Ls (Se (Oa (Ac (Ca (At (Tf (Fp (Ni 54))))))))) (Se (Oa (Ac (Ca (At (Tf (Fp (Ni 23))))))))),Dk THEN,Do (Oa (Ac (Ca (At (Tf (Fb False)))))),Dk IF] []
<parse> [Dl (Ls (Se (Oa (Ac (Ca (At (Tf (Fp (Ni 2))))))))),Dl (Ls (Se (Oa (Ac (Ca (At (Tf (Fp (Nd "othewise"))))))))),Dk THEN,Do (Oa (Ac (Ca (At (Tf (Fp (Ni 0))))))),Dk IF] [FI]
<parse> [Dk ELSE,Dk THEN,Do (Oa (Ac (Ca (At (Tf (Fp (Ni 0))))))),Dk IF] [IF,INT 2,THEN,INT 3,ID "othewise",INT 4,FI]
<parse> [Dl (Ls (Se (Oa (Ac (Ca (At (Tf (Fp (Ni 4))))))))),Dl (Ls (Se (Oa (Ac (Ca (At (Tf (Fp (Nd "othewise"))))))))),Dk THEN,Do (Oa (Ac (Ca (At (Tf (Fp (Ni 2))))))),Dk IF,Dk ELSE,Dl (Ls (Se (Oa (Ac (Ca (At (Tf (Fp (Ni 1))))))))),Dk THEN,Do (Oa (Ac (Ca (At (Tf (Fp (Ni 0))))))),Dk IF] [FI]
<parse> [Dl (Ls (Se (Oa (Ac (Ca (At (Tf (Fp (Nd "othewise"))))))))),Dl (Ls (Se (Oa (Ac (Ca (At (Tf (Fp (Ni 3))))))))),Dk THEN,Do (Oa (Ac (Ca (At (Tf (Fp (Ni 2))))))),Dk IF,Dk ELSE,Dl (Ls (Se (Oa (Ac (Ca (At (Tf (Fp (Ni 1))))))))),Dk THEN,Do (Oa (Ac (Ca (At (Tf (Fp (Ni 0))))))),Dk IF] [FI]
<parse> [Dk THEN,Dk IF] []
True
<parse> [Dk FI] []
<parse> [Dl (Ls (Se (Oa (Ac (Ca (At (Tf (Fb False)))))))),Dk ELSE,Dl (Ls (Se (Oa (Ac (Ca (At (Tf (Fb True)))))))),Dk THEN,Do (Oa (Ac (Ca (At (Tf (Fp (Nd "Nothing"))))))),Dk IF] []
<parse> [Dk FI] []
