<eval> unexpected arguments, expected readLine()
<eval> unexpected arguments, expected readLine()
<eval> unexpected arguments, expected isEOF()
<eval> unexpected arguments, expected isEOF()
