True
Nothing
Nothing
Nothing
Nothing
Nothing
Nothing
Nothing
Nothing
Nothing
Nothing
Nothing
Nothing
Nothing
Nothing
Nothing
Nothing
Nothing
Nothing
Nothing
Nothing
Nothing
Nothing
Nothing
Nothing
Nothing
Nothing
Nothing
Nothing
Nothing
Nothing
Nothing
Nothing
Nothing
Nothing
Nothing
Nothing
Nothing
Nothing
Nothing
Nothing
Nothing
Nothing
Nothing
Nothing
Nothing
Nothing
Nothing
Nothing
Nothing
Nothing
Nothing
Nothing
Nothing
Nothing
Nothing
Nothing
Nothing
Nothing
Nothing
Nothing
Nothing
Nothing
Nothing
Nothing
Nothing
Nothing
Nothing
Nothing
Nothing
Nothing
Nothing
Nothing
Nothing
Nothing
Nothing
Nothing
Nothing
Nothing
Nothing
Nothing
Nothing
Nothing
Nothing
Nothing
Nothing
Nothing
Nothing
Nothing
Nothing
Nothing
Nothing
Nothing
Nothing
Nothing
Nothing
Nothing
Nothing
Nothing
Nothing
Nothing
Nothing
Nothing
Nothing
Nothing
Nothing
Nothing
Nothing
Nothing
Nothing
Nothing
Nothing
Nothing
Nothing
Nothing
Nothing
Nothing
Nothing
Nothing
Nothing
Nothing
Nothing
Nothing
Nothing
Nothing
Nothing
Nothing
Nothing
Nothing
Nothing
Nothing
Nothing
Nothing
Nothing
Nothing
Nothing
Nothing
Nothing
Nothing
Nothing
Nothing
Nothing
Nothing
Nothing
Nothing
Nothing
Nothing
Nothing
Nothing
Nothing
Nothing
Nothing
Nothing
Nothing
Nothing
Nothing
Nothing
Nothing
Nothing
Nothing
Nothing
Nothing
Nothing
Nothing
Nothing
Nothing
Nothing
Nothing
Nothing
Nothing
Nothing
Nothing
Nothing
Nothing
Nothing
Nothing
Nothing
Nothing
Nothing
Nothing
Nothing
Nothing
Nothing
Nothing
Nothing
Nothing
Nothing
Nothing
Nothing
Nothing
Nothing
Nothing
Nothing
Nothing
Nothing
Nothing
Nothing
Nothing
Nothing
Nothing
Nothing
Nothing
Nothing
Nothing
Nothing
Nothing
Nothing
Nothing
Nothing
Nothing
Nothing
Nothing
Nothing
Nothing
Nothing
Nothing
Nothing
Nothing
Nothing
Nothing
Nothing
Nothing
Nothing
Nothing
Nothing
Nothing
Nothing
Nothing
Nothing
Nothing
Nothing
Nothing
Nothing
Nothing
Nothing
Nothing
Nothing
Nothing
Nothing
Nothing
Nothing
Nothing
Nothing
Nothing
Nothing
Nothing
Nothing
Nothing
Nothing
Nothing
Nothing
Nothing
Nothing
Nothing
Nothing
Nothing
Nothing
Nothing
Nothing
Nothing
Nothing
Nothing
Nothing
Nothing
Nothing
Nothing
Nothing
Nothing
Nothing
Nothing
Nothing
Nothing
Nothing
Nothing
Nothing
Nothing
Nothing
Nothing
Nothing
Nothing
Nothing
Nothing
Nothing
Nothing
Nothing
Nothing
Nothing
Nothing
Nothing
Nothing
Nothing
Nothing
Nothing
Nothing
Nothing
Nothing
Nothing
Nothing
Nothing
Nothing
Nothing
Nothing
Nothing
Nothing
Nothing
Nothing
Nothing
Nothing
Nothing
Nothing
Nothing
Nothing
Nothing
Nothing
Nothing
Nothing
Nothing
Nothing
Nothing
Nothing
Nothing
Nothing
Nothing
Nothing
Nothing
Nothing
Nothing
Nothing
Nothing
Nothing
Nothing
Nothing
Nothing
Nothing
Nothing
Nothing
Nothing
Nothing
Nothing
Nothing
Nothing
Nothing
Nothing
Nothing
Nothing
Nothing
Nothing
Nothing
Nothing
Nothing
Nothing
Nothing
Nothing
Nothing
Nothing
Nothing
Nothing
Nothing
Nothing
Nothing
Nothing
Nothing
Nothing
Nothing
Nothing
Nothing
Nothing
Nothing
Nothing
Nothing
Nothing
Nothing
Nothing
Nothing
Nothing
Nothing
Nothing
Nothing
Nothing
Nothing
Nothing
Nothing
Nothing
Nothing
Nothing
Nothing
Nothing
Nothing
Nothing
Nothing
Nothing
Nothing
Nothing
Nothing
Nothing
Nothing
Nothing
Nothing
Nothing
Nothing
Nothing
Nothing
Nothing
Nothing
Nothing
Nothing
Nothing
Nothing
Nothing
Nothing
Nothing
Nothing
Nothing
Nothing
Nothing
Nothing
Nothing
Nothing
Nothing
Nothing
Nothing
Nothing
Nothing
Nothing
Nothing
Nothing
Nothing
Nothing
Nothing
Nothing
Nothing
Nothing
Nothing
Nothing
Nothing
Nothing
Nothing
Nothing
Nothing
Nothing
Nothing
Nothing
Nothing
Nothing
Nothing
Nothing
Nothing
Nothing
Nothing
Nothing
Nothing
Nothing
Nothing
Nothing
Nothing
Nothing
Nothing
Nothing
Nothing
Nothing
Nothing
Nothing
Nothing
Nothing
Nothing
Nothing
Nothing
Nothing
Nothing
Nothing
Nothing
Nothing
Nothing
Nothing
Nothing
Nothing
Nothing
Nothing
Nothing
Nothing
Nothing
Nothing
Nothing
Nothing
Nothing
Nothing
Nothing
Nothing
Nothing
Nothing
Nothing
Nothing
Nothing
Nothing
Nothing
Nothing
Nothing
Nothing
Nothing
Nothing
Nothing
Nothing
Nothing
Nothing
Nothing
Nothing
Nothing
Nothing
Nothing
Nothing
Nothing
Nothing
Nothing
Nothing
Nothing
Nothing
Nothing
Nothing
Nothing
Nothing
Nothing
Nothing
Nothing
Nothing
Nothing
Nothing
Nothing
Nothing
Nothing
Nothing
Nothing
Nothing
Nothing
Nothing
Nothing
Nothing
Nothing
Nothing
Nothing
Nothing
Nothing
Nothing
Nothing
Nothing
Nothing
Nothing
Nothing
Nothing
Nothing
Nothing
Nothing
Nothing
Nothing
Nothing
Nothing
Nothing
Nothing
Nothing
Nothing
Nothing
Nothing
Nothing
Nothing
Nothing
Nothing
Nothing
Nothing
Nothing
Nothing
Nothing
Nothing
Nothing
Nothing
Nothing
Nothing
Nothing
Nothing
Nothing
Nothing
Nothing
Nothing
Nothing
Nothing
Nothing
Nothing
Nothing
Nothing
Nothing
Nothing
Nothing
Nothing
Nothing
Nothing
Nothing
Nothing
Nothing
Nothing
Nothing
Nothing
Nothing
Nothing
Nothing
Nothing
Nothing
Nothing
Nothing
Nothing
Nothing
Nothing
Nothing
Nothing
Nothing
Nothing
Nothing
Nothing
Nothing
Nothing
Nothing
Nothing
Nothing
Nothing
Nothing
Nothing
Nothing
Nothing
Nothing
Nothing
Nothing
Nothing
Nothing
Nothing
Nothing
Nothing
Nothing
Nothing
Nothing
Nothing
Nothing
Nothing
Nothing
Nothing
Nothing
Nothing
Nothing
Nothing
Nothing
Nothing
Nothing
Nothing
Nothing
Nothing
Nothing
Nothing
Nothing
Nothing
Nothing
Nothing
Nothing
Nothing
Nothing
Nothing
Nothing
Nothing
Nothing
Nothing
Nothing
Nothing
Nothing
Nothing
Nothing
Nothing
Nothing
Nothing
Nothing
Nothing
Nothing
Nothing
Nothing
Nothing
Nothing
Nothing
Nothing
Nothing
Nothing
Nothing
Nothing
Nothing
Nothing
Nothing
Nothing
Nothing
Nothing
Nothing
Nothing
Nothing
Nothing
Nothing
Nothing
Nothing
Nothing
Nothing
Nothing
Nothing
Nothing
Nothing
Nothing
Nothing
Nothing
Nothing
Nothing
Nothing
Nothing
Nothing
Nothing
Nothing
Nothing
Nothing
Nothing
Nothing
Nothing
Nothing
Nothing
Nothing
Nothing
Nothing
Nothing
Nothing
Nothing
Nothing
Nothing
Nothing
Nothing
Nothing
Nothing
Nothing
Nothing
Nothing
Nothing
Nothing
Nothing
Nothing
Nothing
Nothing
Nothing
Nothing
Nothing
Nothing
Nothing
Nothing
Nothing
Nothing
Nothing
Nothing
Nothing
Nothing
Nothing
Nothing
Nothing
Nothing
Nothing
Nothing
Nothing
Nothing
Nothing
Nothing
Nothing
Nothing
Nothing
Nothing
Nothing
Nothing
Nothing
Nothing
Nothing
Nothing
Nothing
Nothing
Nothing
Nothing
Nothing
Nothing
Nothing
Nothing
Nothing
Nothing
Nothing
Nothing
Nothing
Nothing
Nothing
Nothing
Nothing
Nothing
Nothing
Nothing
Nothing
Nothing
Nothing
Nothing
Nothing
Nothing
Nothing
Nothing
Nothing
Nothing
Nothing
Nothing
Nothing
Nothing
Nothing
Nothing
Nothing
Nothing
Nothing
Nothing
Nothing
Nothing
Nothing
Nothing
Nothing
Nothing
Nothing
Nothing
Nothing
Nothing
Nothing
Nothing
Nothing
Nothing
Nothing
Nothing
Nothing
Nothing
Nothing
Nothing
Nothing
Nothing
Nothing
Nothing
Nothing
Nothing
Nothing
Nothing
Nothing
Nothing
Nothing
Nothing
Nothing
Nothing
Nothing
Nothing
Nothing
Nothing
Nothing
Nothing
Nothing
Nothing
Nothing
Nothing
Nothing
Nothing
Nothing
Nothing
Nothing
Nothing
Nothing
Nothing
Nothing
Nothing
Nothing
Nothing
Nothing
Nothing
Nothing
Nothing
Nothing
Nothing
Nothing
Nothing
Nothing
Nothing
Nothing
Nothing
Nothing
Nothing
Nothing
Nothing
Nothing
Nothing
Nothing
Nothing
Nothing
Nothing
Nothing
Nothing
Nothing
Nothing
Nothing
Nothing
Nothing
Nothing
Nothing
Nothing
Nothing
Nothing
Nothing
Nothing
Nothing
Nothing
Nothing
Nothing
Nothing
Nothing
Nothing
Nothing
Nothing
Nothing
Nothing
Nothing
Nothing
Nothing
Nothing
Nothing
Nothing
Nothing
Nothing
Nothing
Nothing
Nothing
Nothing
Nothing
Nothing
Nothing
Nothing
Nothing
Nothing
Nothing
Nothing
Nothing
Nothing
Nothing
Nothing
Nothing
Nothing
Nothing
Nothing
Nothing
Nothing
Nothing
Nothing
Nothing
Nothing
Nothing
Nothing
Nothing
Nothing
Nothing
Nothing
Nothing
Nothing
Nothing
Nothing
Nothing
Nothing
Nothing
Nothing
Nothing
Nothing
Nothing
Nothing
Nothing
Nothing
Nothing
Nothing
Nothing
Nothing
Nothing
Nothing
Nothing
Nothing
Nothing
Nothing
Nothing
Nothing
Nothing
Nothing
Nothing
Nothing
Nothing
Nothing
Nothing
Nothing
Nothing
Nothing
Nothing
Nothing
Nothing
Nothing
Nothing
Nothing
Nothing
Nothing
