0
0
Nothing
['a']
Nothing
1
Nothing
Nothing
ab
['a', 'ab', 3]
Nothing
['a', 'ab', 3, [1, [], 12]]
[1, [], 12]
3
Nothing
['a', 'ab', 'abc']
3
