15
True
False
This is a string?
'\'\
New
LineWordld
This continues
and \o\w\o\i\e\s
'_}『』®
\248\u314G
[]
['some\n\t\\\'\vth ings\b©\nare\fgood\0\r']
['', 113, -1, True]
[[], True, ['Nested'], [1, 2, '[]', 4, 5]]
[20, 12]
Nothing
