7
6
5
4
3
2
1
0
True
-29
-39
-49
-59
59
True
-1
-2
-3
-4
-5
-6
-7
-8
-9
