False
False
True,Nothing Nothing|
13 -54
True False
1 hi
2 hello
