<parse> [Dk FI,Db (Oa (An (Mc (Cj (Ja (At (Tf (Fp (Ni 2))))))))),Dk IF,Dk ELSE,Dl (Ls (Se (Oa (An (Mc (Cj (Ja (At (Tf (Fp (Ni 1))))))))))),Dk THEN,Db (Oa (An (Mc (Cj (Ja (At (Tf (Fb True)))))))),Dk IF] []
