<parse> [Dk FI,Db (Oa (Ac (Cj (Ja (At (Tf (Fp (Ni 2)))))))),Dk IF,Dk ELSE,Dl (Ls (Se (Oa (Ac (Cj (Ja (At (Tf (Fp (Ni 1)))))))))),Dk THEN,Db (Oa (Ac (Cj (Ja (At (Tf (Fb True))))))),Dk IF] []
